../Core/Src/main.c:102:5:main	8	static
../Core/Src/main.c:156:6:SystemClock_Config	120	static
../Core/Src/main.c:215:13:MX_ETH_Init	8	static
../Core/Src/main.c:263:13:MX_TIM1_Init	104	static
../Core/Src/main.c:335:13:MX_USART2_UART_Init	8	static
../Core/Src/main.c:380:13:MX_USART3_UART_Init	8	static
../Core/Src/main.c:425:13:MX_USB_OTG_HS_USB_Init	4	static
../Core/Src/main.c:443:13:MX_DMA_Init	16	static
../Core/Src/main.c:460:13:MX_GPIO_Init	56	static
../Core/Src/main.c:537:6:HAL_UART_RxCpltCallback	16	static
../Core/Src/main.c:553:6:Error_Handler	4	static,ignoring_inline_asm
